// Jest Snapshot v1, https://goo.gl/fbAQLP

exports[`VideoActions SetLoading should set loading state 1`] = `
{
  "isLoading": true,
  "type": "[Video List] Get Loading State",
}
`;
